## legacy_no_download_rerank_off
warning: profiles for the non root package will be ignored, specify profiles at the workspace root:
package:   /Users/master/BASE/projects/synapse/crates/synapse-kernel/Cargo.toml
workspace: /Users/master/BASE/projects/synapse/Cargo.toml
   Compiling cipher v0.4.4
   Compiling serde_json v1.0.150
   Compiling ndarray v0.16.1
   Compiling ureq-proto v0.6.0
   Compiling rustls v0.23.40
   Compiling i18n-config v0.4.8
   Compiling spm_precompiled v0.1.4
   Compiling tantivy-columnar v0.3.0
   Compiling ndarray v0.17.2
   Compiling tracing-serde v0.2.0
   Compiling chacha20 v0.9.1
   Compiling salsa20 v0.10.2
   Compiling ecb v0.1.2
   Compiling cbc v0.1.2
   Compiling aes v0.8.4
   Compiling tokenizers v0.22.2
   Compiling safetensors v0.7.0
   Compiling yrs v0.26.0
   Compiling i18n-embed-impl v0.8.4
   Compiling sprs v0.11.2
   Compiling ndarray-stats v0.6.0
   Compiling tantivy v0.22.1
   Compiling chacha20poly1305 v0.10.1
   Compiling scrypt v0.11.0
   Compiling ureq v3.3.0
   Compiling i18n-embed v0.15.4
   Compiling ndarray-rand v0.15.0
   Compiling lopdf v0.38.0
   Compiling linfa-linalg v0.2.1
   Compiling linfa v0.8.1
   Compiling synapse-graph v1.0.1-rc.1 (/Users/master/BASE/projects/synapse/crates/synapse-graph)
   Compiling age-core v0.11.0
   Compiling tracing-subscriber v0.3.23
   Compiling hf-hub v0.5.0
   Compiling ort-sys v2.0.0-rc.12
   Compiling linfa-nn v0.8.1
   Compiling pdf-extract v0.10.0
   Compiling linfa-clustering v0.8.1
   Compiling i18n-embed-fl v0.9.4
   Compiling ort v2.0.0-rc.12
   Compiling synapse-fts v1.0.1-rc.1 (/Users/master/BASE/projects/synapse/crates/synapse-fts)
   Compiling fastembed v5.13.4
   Compiling age v0.11.3
   Compiling synapse-core v1.0.1-rc.1 (/Users/master/BASE/projects/synapse/crates/synapse-core)
   Compiling synapse-extract v1.0.1-rc.1 (/Users/master/BASE/projects/synapse/crates/synapse-extract)
   Compiling synapse-rerank v1.0.1-rc.1 (/Users/master/BASE/projects/synapse/crates/synapse-rerank)
   Compiling longmemeval v1.0.1-rc.1 (/Users/master/BASE/projects/synapse/bench/longmemeval)
    Finished `dev` profile [unoptimized + debuginfo] target(s) in 51.59s
     Running `target/debug/longmemeval --rerank-top 0`
LongMemEval-S bench: 50 questions | hooks: Rule | floor=0 hyde_th=3
--- Results ---
N            : 50
Errors       : 0
Recall@5     : 0.640  (32/50)
Recall@10    : 0.640  (32/50)
Fuzzy-R@5    : 0.600  (30/50)  [token-set 0.6]
Fuzzy-R@10   : 0.620  (31/50)  [token-set 0.6]
Latency avg  : 3.10 ms (recall only, ingest excluded)
Avg docs/Q   : 47.3

## legacy_no_download_raw_query
warning: profiles for the non root package will be ignored, specify profiles at the workspace root:
package:   /Users/master/BASE/projects/synapse/crates/synapse-kernel/Cargo.toml
workspace: /Users/master/BASE/projects/synapse/Cargo.toml
    Finished `dev` profile [unoptimized + debuginfo] target(s) in 0.28s
     Running `target/debug/longmemeval --rerank-top 0 --raw-query`
LongMemEval-S bench: 50 questions | hooks: Rule | floor=0 hyde_th=3
--- Results ---
N            : 50
Errors       : 0
Recall@5     : 0.640  (32/50)
Recall@10    : 0.640  (32/50)
Fuzzy-R@5    : 0.600  (30/50)  [token-set 0.6]
Fuzzy-R@10   : 0.620  (31/50)  [token-set 0.6]
Latency avg  : 1.08 ms (recall only, ingest excluded)
Avg docs/Q   : 47.3

## legacy_no_download_rule_preextract
warning: profiles for the non root package will be ignored, specify profiles at the workspace root:
package:   /Users/master/BASE/projects/synapse/crates/synapse-kernel/Cargo.toml
workspace: /Users/master/BASE/projects/synapse/Cargo.toml
    Finished `dev` profile [unoptimized + debuginfo] target(s) in 0.31s
     Running `target/debug/longmemeval --rerank-top 0 --pre-extract`
LongMemEval-S bench: 50 questions | hooks: Rule | floor=0 hyde_th=3
--- Results ---
N            : 50
Errors       : 0
Recall@5     : 0.560  (28/50)
Recall@10    : 0.640  (32/50)
Fuzzy-R@5    : 0.540  (27/50)  [token-set 0.6]
Fuzzy-R@10   : 0.620  (31/50)  [token-set 0.6]
Latency avg  : 1.23 ms (recall only, ingest excluded)
Avg docs/Q   : 47.3

## legacy_default_bge_rerank_top20
warning: profiles for the non root package will be ignored, specify profiles at the workspace root:
package:   /Users/master/BASE/projects/synapse/crates/synapse-kernel/Cargo.toml
workspace: /Users/master/BASE/projects/synapse/Cargo.toml
   Compiling rustls v0.23.40
   Compiling ureq v3.3.0
   Compiling tantivy-stacker v0.3.0
   Compiling spm_precompiled v0.1.4
   Compiling ndarray-stats v0.6.0
   Compiling linfa v0.8.1
   Compiling safetensors v0.7.0
   Compiling ndarray-rand v0.15.0
   Compiling linfa-linalg v0.2.1
   Compiling yrs v0.26.0
   Compiling tower-http v0.6.11
   Compiling tracing-serde v0.2.0
   Compiling synapse-graph v1.0.1-rc.1 (/Users/master/BASE/projects/synapse/crates/synapse-graph)
   Compiling ort-sys v2.0.0-rc.12
   Compiling tracing-subscriber v0.3.23
   Compiling tokenizers v0.22.2
   Compiling tantivy-columnar v0.3.0
   Compiling linfa-nn v0.8.1
   Compiling tokio-rustls v0.26.4
   Compiling ort v2.0.0-rc.12
   Compiling linfa-clustering v0.8.1
   Compiling hyper-rustls v0.27.9
   Compiling tantivy v0.22.1
   Compiling hf-hub v0.5.0
   Compiling reqwest v0.12.28
   Compiling fastembed v5.13.4
   Compiling synapse-fts v1.0.1-rc.1 (/Users/master/BASE/projects/synapse/crates/synapse-fts)
   Compiling synapse-core v1.0.1-rc.1 (/Users/master/BASE/projects/synapse/crates/synapse-core)
   Compiling synapse-extract v1.0.1-rc.1 (/Users/master/BASE/projects/synapse/crates/synapse-extract)
   Compiling synapse-rerank v1.0.1-rc.1 (/Users/master/BASE/projects/synapse/crates/synapse-rerank)
   Compiling longmemeval v1.0.1-rc.1 (/Users/master/BASE/projects/synapse/bench/longmemeval)
    Finished `dev` profile [unoptimized + debuginfo] target(s) in 2m 15s
     Running `target/debug/longmemeval --rerank-top 20`
LongMemEval-S bench: 50 questions | hooks: Rule | floor=0 hyde_th=3
Reranker: BGE-reranker-v2-m3 (568M ONNX cross-encoder, top=20)

## legacy_default_bge_rerank_top20_limit5
warning: profiles for the non root package will be ignored, specify profiles at the workspace root:
package:   /Users/master/BASE/projects/synapse/crates/synapse-kernel/Cargo.toml
workspace: /Users/master/BASE/projects/synapse/Cargo.toml
    Finished `dev` profile [unoptimized + debuginfo] target(s) in 0.97s
     Running `target/debug/longmemeval --rerank-top 20 --limit 5`
LongMemEval-S bench: 5 questions | hooks: Rule | floor=0 hyde_th=3
Reranker: BGE-reranker-v2-m3 (568M ONNX cross-encoder, top=20)
--- Results ---
N            : 5
Errors       : 0
Recall@5     : 0.400  (2/5)
Recall@10    : 0.400  (2/5)
Fuzzy-R@5    : 0.600  (3/5)  [token-set 0.6]
Fuzzy-R@10   : 0.600  (3/5)  [token-set 0.6]
Latency avg  : 4222.98 ms (recall only, ingest excluded)
Avg docs/Q   : 47.2

## post_fix_check_no_default_features
warning: profiles for the non root package will be ignored, specify profiles at the workspace root:
package:   /Users/master/BASE/projects/synapse/crates/synapse-kernel/Cargo.toml
workspace: /Users/master/BASE/projects/synapse/Cargo.toml
    Checking longmemeval v1.0.1-rc.1 (/Users/master/BASE/projects/synapse/bench/longmemeval)
    Finished `dev` profile [unoptimized + debuginfo] target(s) in 19.28s

## post_fix_raw_query_ablation
warning: profiles for the non root package will be ignored, specify profiles at the workspace root:
package:   /Users/master/BASE/projects/synapse/crates/synapse-kernel/Cargo.toml
workspace: /Users/master/BASE/projects/synapse/Cargo.toml
   Compiling longmemeval v1.0.1-rc.1 (/Users/master/BASE/projects/synapse/bench/longmemeval)
    Finished `dev` profile [unoptimized + debuginfo] target(s) in 6.97s
     Running `target/debug/longmemeval --rerank-top 0 --raw-query`
LongMemEval-S bench: 50 questions | hooks: Rule | floor=0 hyde_th=3
--- Results ---
N            : 50
Errors       : 0
Recall@5     : 0.640  (32/50)
Recall@10    : 0.640  (32/50)
Fuzzy-R@5    : 0.600  (30/50)  [token-set 0.6]
Fuzzy-R@10   : 0.620  (31/50)  [token-set 0.6]
Latency avg  : 1.00 ms (recall only, ingest excluded)
Avg docs/Q   : 47.3
