(eval):1: command not found: setsid
[run] Starting Qdrant...
[run] Qdrant PID=31614 ready
[run] Skipping sqlite-vec (result exists: results/sqlite-vec_full.jsonl)
[run] Engines: sqlite-vec,duckdb,lancedb,chromadb,synapse,qdrant
[run] Phases: base
[run] Starting benchmark at Sat Apr 25 13:54:22 CEST 2026
[run] --- sqlite-vec SKIPPED ---
[run] --- duckdb ---
[bench] Loading dataset (100000 docs)...
[bench] Loaded 100000 docs

[bench] === duckdb ===
  [duckdb] inserted 50 rows total
[bench] Loading dataset (100000 docs)...
[bench] Loaded 100000 docs

[bench] === duckdb ===
  [duckdb] inserted 50 rows total
[engine=duckdb phase=A scale=100000] starting
  [A] bulk_insert 100000 docs...
  [duckdb] inserted 1000 rows total
[engine=duckdb phase=A scale=100000] starting
  [A] bulk_insert 100000 docs...
  [duckdb] inserted 1000 rows total
  [duckdb] inserted 2000 rows total
  [duckdb] inserted 2000 rows total
  [duckdb] inserted 3000 rows total
  [duckdb] inserted 3000 rows total
  [duckdb] inserted 4000 rows total
  [duckdb] inserted 4000 rows total
  [duckdb] inserted 5000 rows total
  [duckdb] inserted 5000 rows total
  [duckdb] inserted 6000 rows total
  [duckdb] inserted 6000 rows total
  [duckdb] inserted 7000 rows total
  [duckdb] inserted 7000 rows total
  [duckdb] inserted 8000 rows total
  [duckdb] inserted 8000 rows total
  [duckdb] inserted 9000 rows total
  [duckdb] inserted 9000 rows total
  [duckdb] inserted 10000 rows total
  [duckdb] inserted 10000 rows total
  [duckdb] inserted 11000 rows total
  [duckdb] inserted 11000 rows total
  [duckbench/comprehensive/run.sh: line 93: 90096 Segmentation fault: 11     python3 "$DIR/bench.py" --engine "$engine" --n-docs "$N_DOCS" $DRY_FLAG $PHASES_FLAG 2>&1
     90097 Done                       | tee -a "$LOG"
[warn] engine=duckdb exited with code=139 (segfault=139), continuing...
[run] --- lancedb ---
[2026-04-25T11:56:45Z WARN  lance::dataset::write::insert] No existing dataset at /var/folders/bm/0dt5fcdn56vg7pnkkzptmlkh0000gn/T/bench_warm_lancedb_oo6u87zv/lance/docs.lance, it will be created
[2026-04-25T11:56:45Z WARN  lance::dataset::write::insert] No existing dataset at /var/folders/bm/0dt5fcdn56vg7pnkkzptmlkh0000gn/T/bench_lancedb_ip_keunr/lance/docs.lance, it will be created
existing dataset at /var/folders/bm/0dt5fcdn56vg7pnkkzptmlkh0000gn/T/bench_lancedb_ip_keunr/lance/docs.lance, it will be created
  [duckdb] inserted 18000 rows total
  [duckdb] inserted 18000 rows total
  [duckdb] inserted 19000 rows total
  [duckdb] inserted 19000 rows total
  [duckdb] inserted 20000 rows total
  [duckdb] inserted 20000 rows total
  [duckdb] inserted 21000 rows total
  [duckdb] inserted 21000 rows total
  [duckdb] inserted 22000 rows total
  [duckdb] inserted 22000 rows total
  [duckdb] inserted 23000 rows total
  [duckdb] inserted 23000 rows total
  [duckdb] inserted 24000 rows total
  [duckdb] inserted 24000 rows total
  [duckdb] inserted 25000 rows total
  [duckdb] inserted 25000 rows total
  [duckdb] inserted 26000 rows total
  [duckdb] inserted 26000 rows total
  [duckdb] inserted 27000 rows total
  [duckdb] inserted 27000 rows total
  [duckdb] inserted 28000 rows total
  [duckdb] inserted 28000 rows total
  [duckdb] inserted 29000 rows total
  [duckdb] inserted 29000 rows total
  [duckdb] inserted 30000 rows total
  [duckdb] inserted 30000 rows total
  [duckdb] inserted 31000 rows total
  [duckdb] inserted 31000 rows total
  [duckdb] inserted 32000 rows total
  [duckdb] inserted 32000 rows total
  [duckdb] inserted 33000 rows total
  [duckdb] inserted 33000 rows total
  [duckdb] inserted 34000 rows total
  [duckdb] inserted 34000 rows total
  [duckdb] inserted 35000 rows total
  [duckdb] inserted 35000 rows total
  [duckdb] inserted 36000 rows total
  [duckdb] inserted 36000 rows total
  [duckdb] inserted 37000 rows total
  [duckdb] inserted 37000 rows total
  [duckdb] inserted 38000 rows total
  [duckdb] inserted 38000 rows total
  [duckdb] inserted 39000 rows total
  [duckdb] inserted 39000 rows total
  [duckdb] inserted 40000 rows total
  [duckdb] inserted 40000 rows total
  [duckdb] inserted 41000 rows total
  [duckdb] inserted 41000 rows total
  [duckdb] inserted 42000 rows total
  [duckdb] inserted 42000 rows total
  [duckdb] inserted 43000 rows total
  [duckdb] inserted 43000 rows total
  [duckdb] inserted 44000 rows total
  [duckdb] inserted 44000 rows total
  [duckdb] inserted 45000 rows total
  [duckdb] inserted 45000 rows total
  [duckdb] inserted 46000 rows total
  [duckdb] inserted 46000 rows total
  [duckdb] inserted 47000 rows total
  [duckdb] inserted 47000 rows total
  [duckdb] inserted 48000 rows total
  [duckdb] inserted 48000 rows total
  [duckdb] inserted 49000 rows total
  [duckdb] inserted 49000 rows total
  [duckdb] inserted 50000 rows total
  [duckdb] inserted 50000 rows total
[2026-04-25T12:05:32Z WARN  lance::dataset::write::insert] No existing dataset at /var/folders/bm/0dt5fcdn56vg7pnkkzptmlkh0000gn/T/bench_warm_lancedb_6_ydhd8i/lance/docs.lance, it will be created
[2026-04-25T12:05:32Z WARN  lance::dataset::write::insert] No existing dataset at /var/folders/bm/0dt5fcdn56vg7pnkkzptmlkh0000gn/T/bench_lancedb_y1ivto4i/lance/docs.lance, it will be created
[bench] Loading dataset (100000 docs)...
[bench] Loaded 100000 docs

[bench] === chromadb ===
[engine=chromadb phase=A scale=100000] starting
  [A] bulk_insert 100000 docs...
      764 ops/s  RSS=1836MB  disk=493.7MB  cpu=266%
[engine=chromadb phase=A scale=100000] done ops_per_sec=764
[engine=chromadb phase=B scale=100000] starting
  [B] update 1000 docs...
      290 ops/s  RSS=1836MB  cpu=472%
[engine=chromadb phase=B scale=100000] done ops_per_sec=290
[engine=chromadb phase=C scale=100000] starting
  [C] mixed 80/20 for 10s...
      14.5 ops/s  p50=67.7ms  p95=104.8ms  p99=133.0ms
[engine=chromadb phase=C scale=100000] done ops_per_sec=14.5
[engine=chromadb phase=D scale=100000] starting
  [D] 8-thread concurrent select for 10s...
      20.5 ops/s  p99=626.0ms
[engine=chromadb phase=D scale=100000] done ops_per_sec=20.5
  -> /Users/master/projects/synapse/bench/comprehensive/results/chromadb_full.jsonl

[bench] Results: /Users/master/projects/synapse/bench/comprehensive/results/summary_full.jsonl

=== QUICK SUMMARY ===
Engine          InsertOps/s  UpdateOps/s   MixedOps/s    p95ms   RSS MB  Disk MB
--------------------------------------------------------------------------------
chromadb                764          290         14.5    104.8     1836    493.7
[bench] Loading dataset (100000 docs)...
[bench] Loaded 100000 docs

[bench] === synapse ===
[synapse] Daemon unavailable, falling back to direct sqlite-vec
[synapse] Daemon unavailable, falling back to direct sqlite-vec
[engine=synapse phase=A scale=100000] starting
  [A] bulk_insert 100000 docs...
      39308 ops/s  RSS=1402MB  disk=306.2MB  cpu=87%
[engine=synapse phase=A scale=100000] done ops_per_sec=39308
[engine=synapse phase=B scale=100000] starting
  [B] update 1000 docs...
      3701 ops/s  RSS=1406MB  cpu=48%
[engine=synapse phase=B scale=100000] done ops_per_sec=3701
[engine=synapse phase=C scale=100000] starting
  [C] mixed 80/20 for 10s...
      29.5 ops/s  p50=40.7ms  p95=53.2ms  p99=62.4ms
[engine=synapse phase=C scale=100000] done ops_per_sec=29.5
[engine=synapse phase=D scale=100000] starting
  [D] 8-thread concurrent select for 10s...
      62125.3 ops/s  p99=0.0ms
[engine=synapse phase=D scale=100000] done ops_per_sec=62125.3
  -> /Users/master/projects/synapse/bench/comprehensive/results/synapse_full.jsonl

[bench] Results: /Users/master/projects/synapse/bench/comprehensive/results/summary_full.jsonl

=== QUICK SUMMARY ===
Engine          InsertOps/s  UpdateOps/s   MixedOps/s    p95ms   RSS MB  Disk MB
--------------------------------------------------------------------------------
synapse               39308         3701         29.5     53.2     1402    306.2
